// Jest Snapshot v1, https://goo.gl/fbAQLP

exports[`matches snapshot 1`] = `
<DocumentFragment>
  <div
    class="aj-input is-medium has-error"
  >
    <label
      class="aj-label"
      for="date-input-input-12345678900000000000"
    >
      Text Label
      <p
        class="aj-label--message"
      >
        message
      </p>
    </label>
    <div
      class="aj-input__date"
    >
      <input
        aria-describedby="date-input-error-12345678900000000000"
        id="date-input-input-12345678900000000000"
        max=""
        min=""
        type="datetime-local"
        value="2022-02-18T00:00"
      />
    </div>
    <p
      class="aj-label--error"
      id="date-input-error-12345678900000000000"
    >
      some error
    </p>
  </div>
</DocumentFragment>
`;
