// Vitest Snapshot v1, https://vitest.dev/guide/snapshot.html

exports[`ChipGroup > matches snapshot 1`] = `
<DocumentFragment>
  <div
    class="sc-ovuCP eiAkiR aje-chip-group"
  >
    <label
      class="sc-blHHSb fcIAmr"
      id="react-aria-:r1:"
    >
      My Chip Group
    </label>
    <div
      aria-atomic="false"
      aria-labelledby="react-aria-:r1:"
      aria-live="off"
      aria-relevant="additions"
      class="sc-eOzmre foFCjW"
      id="react-aria-:r0:"
      role="grid"
      tabindex="0"
    >
      <div
        aria-label="Item"
        class="sc-fFoeYl kvHja-d aje-chip"
        data-key="react-aria-1"
        id="react-aria-:r0:-react-aria-1"
        role="row"
        tabindex="0"
      >
        <div
          aria-colindex="1"
          class="sc-eauhAA hNmxTV"
          role="gridcell"
        >
          Item
        </div>
      </div>
    </div>
  </div>
</DocumentFragment>
`;
