// Vitest Snapshot v1, https://vitest.dev/guide/snapshot.html

exports[`matches snapshot 1`] = `
<DocumentFragment>
  <fieldset
    aria-labelledby="react-aria-:r1:"
    aria-orientation="vertical"
    class="sc-dVBluf bgdSxY aje-radio-group"
    id="react-aria-:r0:"
    name="radiogroup"
    role="radiogroup"
  >
    <legend
      class="sc-fLDLck ljYgPJ"
      id="react-aria-:r1:"
    >
      Label
    </legend>
    <div
      class="sc-gjcoXW iNRxbX aje-radio"
      data-selected="true"
    >
      <input
        checked=""
        class="sc-dVupuq hSgGsX"
        name="radiogroup"
        tabindex="0"
        type="radio"
        value="opt1"
      />
      <span
        class="sc-FEMpB bdWdkK aje-checkbox__label"
      >
        Option 1
      </span>
    </div>
    <div
      class="sc-gjcoXW iNRxbX aje-radio"
    >
      <input
        class="sc-dVupuq hSgGsX"
        name="radiogroup"
        tabindex="-1"
        type="radio"
        value="opt2"
      />
      <span
        class="sc-FEMpB bdWdkK aje-checkbox__label"
      >
        Option 2
      </span>
    </div>
    <div
      class="sc-gjcoXW iNRxbX aje-radio"
    >
      <input
        class="sc-dVupuq hSgGsX"
        name="radiogroup"
        tabindex="-1"
        type="radio"
        value="opt3"
      />
      <span
        class="sc-FEMpB bdWdkK aje-checkbox__label"
      >
        Option 3
      </span>
    </div>
  </fieldset>
</DocumentFragment>
`;
