// Vitest Snapshot v1, https://vitest.dev/guide/snapshot.html

exports[`CheckBox > Snapshots > should match snapshot 1`] = `
<DocumentFragment>
  <div
    class="sc-gQaihK eVTSkG aje-checkbox"
  >
    <input
      class="sc-eauhAA bGMTwn"
      type="checkbox"
    />
    <span
      class="sc-fFoeYl fHoQXw"
    />
  </div>
</DocumentFragment>
`;
