// Vitest Snapshot v1, https://vitest.dev/guide/snapshot.html

exports[`LoadingStatus > matches error snapshot 1`] = `
<DocumentFragment>
  <div
    class="sc-kfeOyU kQDcwU aje-banner aje-banner--error"
  >
    <i
      aria-hidden="true"
      class="sc-gNZgCX gypsPY aje-icon material-icons is-medium"
      tabindex="0"
    >
      error
    </i>
    <div
      class="sc-hRDKVd eeBDAN"
    >
      An error occurred
    </div>
    <button
      aria-label="dismiss error"
      class="sc-cSaEAk gNvxBD aje-btn sc-jZTQcj hFQpPD aje-icon-btn aje-banner__dismiss aje-btn--banner is-medium"
      data-icon-button="true"
      tabindex="0"
      type="button"
    >
      <i
        aria-hidden="true"
        class="sc-gNZgCX gypsPY aje-icon material-icons is-medium"
        tabindex="0"
      >
        close
      </i>
    </button>
  </div>
</DocumentFragment>
`;

exports[`LoadingStatus > matches loading snapshot 1`] = `
<DocumentFragment>
  <div
    class="sc-dVBluf iYAHRU aje-loader aje-loader--bouncing-dots is-medium"
    data-placement="center"
  >
    <div
      class="sc-FEMpB BJcTP aje-flex"
    >
      <div
        class="sc-dycHyt jfVlHP aje-bouncing-dots is-medium"
      >
        <span
          class="sc-jbAkgO cvRUGp aje-bouncing-dots__dot"
        />
        <span
          class="sc-jbAkgO kBvnAC aje-bouncing-dots__dot"
        />
        <span
          class="sc-jbAkgO krnwhI aje-bouncing-dots__dot"
        />
      </div>
    </div>
  </div>
</DocumentFragment>
`;
