// Vitest Snapshot v1, https://vitest.dev/guide/snapshot.html

exports[`matches snapshot 1`] = `
<DocumentFragment>
  <label
    class="sc-gtsqUy hMTsbS aje-label aje-label"
    for="id"
  >
    Label Content
  </label>
</DocumentFragment>
`;
