// Jest Snapshot v1, https://goo.gl/fbAQLP

exports[`matches snapshot 1`] = `
<DocumentFragment>
  <div
    class="aje-dropdown is-medium"
  >
    <label
      class="aje-label"
      for="custom-dropdown-combo-12345678900000000000"
      id="custom-dropdown-label-12345678900000000000"
    >
      Custom dropdown label
    </label>
    <div
      class="aje-combobox"
    >
      <div
        aria-controls="custom-dropdown-list-12345678900000000000"
        aria-describedby=""
        aria-expanded="false"
        aria-haspopup="listbox"
        aria-labelledby="custom-dropdown-label-12345678900000000000"
        class="aje-combobox__input"
        id="custom-dropdown-combo-12345678900000000000"
        role="combobox"
        tabindex="0"
      >
        <span>
          Option 1
        </span>
      </div>
      <ul
        aria-labelledby="custom-dropdown-label-12345678900000000000"
        class="aje-combobox__menu"
        id="custom-dropdown-list-12345678900000000000"
        role="listbox"
        tabindex="-1"
      >
        <li
          aria-selected="true"
          class="aje-combobox__option is-focused"
          role="option"
        >
          Option 1
        </li>
        <li
          aria-selected="false"
          class="aje-combobox__option"
          role="option"
        >
          Option 2
        </li>
      </ul>
    </div>
  </div>
</DocumentFragment>
`;
