// Vitest Snapshot v1, https://vitest.dev/guide/snapshot.html

exports[`Chip > matches snapshot 1`] = `
<DocumentFragment>
  <div
    class="sc-fnVZQs inwVdt aj-chip"
  >
    <div
      class="sc-bqGGcD javuMF"
    >
      Item
    </div>
  </div>
</DocumentFragment>
`;

exports[`ChipGroup > matches snapshot 1`] = `
<DocumentFragment>
  <div
    class="sc-ksltVi gsBVvp aj-chip-group is-full"
  >
    <label
      class="sc-bdnyFh hQZKgx"
      id="react-aria-:r1:"
    >
      My Chip Group
    </label>
    <div
      aria-atomic="false"
      aria-labelledby="react-aria-:r1:"
      aria-live="off"
      aria-relevant="additions"
      class="sc-hBMVwJ dncQew"
      id="react-aria-:r0:"
      role="grid"
      tabindex="0"
    >
      <div
        aria-label="Item"
        class="sc-fnVZQs inwVdt aj-chip"
        data-focus-visible="false"
        data-key="$.0"
        id="react-aria-:r0:-$.0"
        role="row"
        tabindex="0"
      >
        <div
          aria-colindex="1"
          class="sc-bqGGcD javuMF"
          role="gridcell"
        >
          Item
        </div>
      </div>
    </div>
  </div>
</DocumentFragment>
`;
