// Vitest Snapshot v1, https://vitest.dev/guide/snapshot.html

exports[`Checkmark > should match snapshot 1`] = `
<div>
  <span
    class="sc-blHHSb MEcYg aje-checkmark is-medium"
    data-testid="checkmark"
  />
</div>
`;
