// Vitest Snapshot v1, https://vitest.dev/guide/snapshot.html

exports[`matches snapshot 1`] = `
<DocumentFragment>
  <div
    class="sc-kAycRU iOmgiD aje-tabs aje-tabs--default"
  >
    <div
      aria-orientation="horizontal"
      class="sc-aYaIB iOHgsp"
      id="react-aria-:r0:"
      role="tablist"
    >
      <div
        class="sc-gEvDqW kYrhgC"
      >
        <div
          class="sc-dcJtft cGwrWi"
        >
          <div
            aria-controls="react-aria-:r0:-tabpanel-tab1"
            aria-selected="true"
            class="sc-iGgVNO PPQuZ"
            data-key="tab1"
            id="react-aria-:r0:-tab-tab1"
            role="tab"
            tabindex="0"
          >
            Tab 1
          </div>
        </div>
        <div
          class="sc-dcJtft cGwrWi"
        >
          <div
            aria-selected="false"
            class="sc-iGgVNO PPQuZ"
            data-key="tab2"
            id="react-aria-:r0:-tab-tab2"
            role="tab"
            tabindex="-1"
          >
            Tab 2
          </div>
        </div>
        <div
          class="sc-dcJtft cGwrWi"
        >
          <div
            aria-selected="false"
            class="sc-iGgVNO PPQuZ"
            data-key="tab3"
            id="react-aria-:r0:-tab-tab3"
            role="tab"
            tabindex="-1"
          >
            Tab 3
          </div>
        </div>
      </div>
      <div
        class="sc-eqUzNf dAyzKR"
      />
    </div>
    <div
      aria-labelledby="react-aria-:r0:-tab-tab1"
      class="sc-gsFSjX hyLuVh"
      id="react-aria-:r0:-tabpanel-tab1"
      role="tabpanel"
      tabindex="0"
    >
      <h1>
        Tab One
      </h1>
    </div>
  </div>
</DocumentFragment>
`;
