// Jest Snapshot v1, https://goo.gl/fbAQLP

exports[`matches snapshot 1`] = `
<DocumentFragment>
  <label
    class="aje-label"
    for="id"
  >
    Label Content
  </label>
</DocumentFragment>
`;
