// Vitest Snapshot v1, https://vitest.dev/guide/snapshot.html

exports[`matches snapshot 1`] = `
<DocumentFragment>
  <button
    aria-label="More Button"
    class="sc-imWZod sc-jXbVAB krOeTw cpWLcV aje-btn aje-btn--icon aje-btn--border is-medium"
    type="button"
  >
    <i
      aria-hidden="true"
      class="sc-kAycRU lbPEgw aje-icon material-icons is-medium"
    >
      more_vert
    </i>
  </button>
</DocumentFragment>
`;
