// Vitest Snapshot v1, https://vitest.dev/guide/snapshot.html

exports[`Spinner > matches snapshot 1`] = `
<DocumentFragment>
  <div
    class="sc-aYaIB kFUNDu aje-spinner is-medium"
  >
    <svg
      class="sc-gEvDqW dSWefs"
      data-testid="spinner-svg"
      viewBox="25 25 50 50"
    >
      <circle
        class="sc-eqUzNf kGeTSI"
        cx="50"
        cy="50"
        fill="none"
        r="20"
        stroke-width="0.5em"
      />
    </svg>
  </div>
</DocumentFragment>
`;
