// Vitest Snapshot v1, https://vitest.dev/guide/snapshot.html

exports[`ChipGroup > matches snapshot 1`] = `
<DocumentFragment>
  <div
    class="sc-jEABJj btYzOF aje-chip-group is-full"
  >
    <label
      class="sc-aYaIB aiLmU is-auto"
      id="react-aria-:r1:"
    >
      My Chip Group
    </label>
    <div
      aria-atomic="false"
      aria-labelledby="react-aria-:r1:"
      aria-live="off"
      aria-relevant="additions"
      class="sc-cPiJYC kA-DDaw"
      id="react-aria-:r0:"
      role="grid"
      tabindex="0"
    >
      <div
        aria-label="Item"
        class="sc-eDPFhE iVqARq aje-chip aje-chip--default"
        data-key="$.0"
        id="react-aria-:r0:-$.0"
        role="row"
        tabindex="0"
      >
        <div
          aria-colindex="1"
          class="sc-dLNtp gAcebL"
          role="gridcell"
        >
          Item
        </div>
      </div>
    </div>
  </div>
</DocumentFragment>
`;
