// Vitest Snapshot v1, https://vitest.dev/guide/snapshot.html

exports[`Chip > matches snapshot 1`] = `
<DocumentFragment>
  <div
    class="sc-keTIit ia-dvfO aje-chip"
  >
    <div
      class="sc-dstKZu gTCzyn"
    >
      Item
    </div>
  </div>
</DocumentFragment>
`;
